[dotenv@17.2.3] injecting env (38) from .env.local -- tip: ≡ƒöä add secrets lifecycle management: https://dotenvx.com/ops

================= JD 1 =================
[AI Router] OpenRouter ready (primary provider)
[AI Router] Trying OpenRouter (google/gemini-2.0-flash-001) with PRIMARY key...
[AI Router] Using provider: openrouter model: google/gemini-2.0-flash-001
[OpenRouter] Γ£ô Generated 7424 chars in 542ms using google/gemini-2.0-flash-001
Raw JD text (pasted):
 Job Description About the Company Gemini is a global crypto and Web3 platform founded by Cameron and Tyler Winklevoss in 2014, offering a wide range of simple, reliable, and secure crypto products and services to individuals and institutions in over 70 countries. Our mission is to unlock the next era of financial, creative, and personal freedom by providing trusted access to the decentralized future. We envision a world where crypto reshapes the global financial system, internet, and money to create greater choice, independence, and opportunity for all ΓÇö bridging traditional finance with the emerging cryptoeconomy in a way that is more open, fair, and secure. As a publicly traded company, Gemini is poised to accelerate this vision with greater scale, reach, and impact. The Department: Engineering Gemini is regulated and licensed like a bank, but itΓÇÖs run like a tech startup, and engineering is the core of the company. ThereΓÇÖs a wide range of tough problems to solve at Gemini ΓÇô from properly securing hundreds of millions of dollars worth of customer funds, to developing innovative new blockchain products, to finding new techniques to combat fraud, to shaving microseconds off our API response times, and everything in between. All of GeminiΓÇÖs engineers are able to work across the software platform, not just on their own specialization or subteam. We value a thoughtful, collaborative software development process, coupled with a pragmatic approach to problem solving and delivering software. The Role: Software Engineering Intern As a member of our software engineering team, youΓÇÖll architect and solve complex problems that will directly influence the direction of the digital asset space. ThereΓÇÖs a wide range of problems to solve at Gemini ΓÇô from properly securing millions of dollars worth of customer funds, to developing innovative new blockchain products, to shaving microseconds off our API response times. We have a strong culture of code reviews, and a focus on security, with the end goal of writing and shipping high-quality code by getting things right the first time. We want to continue building the best product we can as we scale and grow our business. If you get excited about solving technical challenges that directly impact our customers, clients, and the rest of the Gemini team, weΓÇÖd love to hear from you. There are opportunities for frontend and/or backend work depending on your interests and strengths. This will be a 12-week summer internship program with 3 days a week in person at our New York City, NY office. Responsibilities: Drive the development of new products and features on the Gemini platform, taking ownership of meaningful projects within small, fast-moving teams. Collaborate closely with senior engineers who will challenge you to raise the bar on design, testing, and scalability while providing mentorship and guidance. Contribute technical ideas and solutions during planning and design discussions, influencing the direction of key initiatives. Review and critique code with a focus on correctness, performance, and security - while learning best practices from experienced engineers. Enhance the reliability, performance, and maintainability of GeminiΓÇÖs systems through thoughtful refactoring and continuous improvement projects. Take part in supporting production systems by helping diagnose and resolve alerts or bugs, gaining hands-on experience with real-world operations at scale. Qualifications: Currently pursuing a degree in Computer Science, Computer Engineering, or a related field (BachelorΓÇÖs, AssociateΓÇÖs, or MasterΓÇÖs). Passionate about blockchain, digital assets, and the Web3 industry - a genuine drive to make an impact in this space is essential. Solid understanding of core software engineering and coding concepts, with curiosity to go deeper and learn quickly. Self-motivated and proactive - you take initiative, ask smart questions, and push projects forward without waiting to be told what to do. Strong communication skills: able to clearly articulate ideas, provide updates, and collaborate effectively in a team setting. Open to feedback and committed to growth - willing to challenge yourself, learn from experience, and raise the bar with every project. Pay Rate : The hourly pay rate for this role is $50/hour in the State of New York, the State of California and the State of Washington. When determining a candidateΓÇÖs compensation, we consider a number of factors including skillset, experience, job scope, and current market data. In the United States, we offer a hybrid work approach at our hub offices, balancing the benefits of in-person collaboration with the flexibility of remote work. Expectations may vary by location and role, so candidates are encouraged to connect with their recruiter to learn more about the specific policy for the role. Employees who do not live near one of our hubs are part of our remote workforce. At Gemini, we strive to build diverse teams that reflect the people we want to empower through our products, and we are committed to equal employment opportunity regardless of race, color, ancestry, religion, sex, national origin, sexual orientation, age, citizenship, marital status, disability, gender identity, or Veteran status. Equal Opportunity is the Law, and Gemini is proud to be an equal opportunity workplace. If you have a specific need that requires accommodation, please let a member of the People Team know.

Parsed JSON (raw):
 {
  "jd_title": "Software Engineering Intern",
  "jd_company": "Gemini",
  "job_type": "internship program",
  "location": "New York City, NY office",
  "seniority_level": "intern",
  "min_years_experience": "",
  "required_skills": [
    "Computer Science",
    "Computer Engineering",
    "coding concepts",
    "communication skills"
  ],
  "preferred_skills": [
    "blockchain",
    "digital assets",
    "Web3"
  ],
  "responsibilities": [
    "Drive the development of new products and features on the Gemini platform, taking ownership of meaningful projects within small, fast-moving teams.",
    "Collaborate closely with senior engineers who will challenge you to raise the bar on design, testing, and scalability while providing mentorship and guidance.",
    "Contribute technical ideas and solutions during planning and design discussions, influencing the direction of key initiatives.",
    "Review and critique code with a focus on correctness, performance, and security - while learning best practices from experienced engineers.",
    "Enhance the reliability, performance, and maintainability of GeminiΓÇÖs systems through thoughtful refactoring and continuous improvement projects.",
    "Take part in supporting production systems by helping diagnose and resolve alerts or bugs, gaining hands-on experience with real-world operations at scale."
  ],
  "top_25_keywords": [
    "gemini",
    "engineering",
    "new",
    "software",
    "products",
    "opportunity",
    "role",
    "team",
    "work",
    "be",
    "blockchain",
    "code",
    "company",
    "crypto",
    "engineers",
    "equal",
    "experience",
    "impact",
    "learn",
    "platform",
    "problems",
    "projects",
    "range",
    "scale",
    "solve"
  ],
  "top_10_keywords": [
    "gemini",
    "engineering",
    "new",
    "software",
    "products",
    "opportunity",
    "role",
    "team",
    "work",
    "be"
  ],
  "salary_range": {
    "min": "",
    "max": ""
  },
  "raw_text": "Job Description About the Company Gemini is a global crypto and Web3 platform founded by Cameron and Tyler Winklevoss in 2014, offering a wide range of simple, reliable, and secure crypto products and services to individuals and institutions in over 70 countries. Our mission is to unlock the next era of financial, creative, and personal freedom by providing trusted access to the decentralized future. We envision a world where crypto reshapes the global financial system, internet, and money to create greater choice, independence, and opportunity for all ΓÇö bridging traditional finance with the emerging cryptoeconomy in a way that is more open, fair, and secure. As a publicly traded company, Gemini is poised to accelerate this vision with greater scale, reach, and impact. The Department: Engineering Gemini is regulated and licensed like a bank, but itΓÇÖs run like a tech startup, and engineering is the core of the company. ThereΓÇÖs a wide range of tough problems to solve at Gemini ΓÇô from properly securing hundreds of millions of dollars worth of customer funds, to developing innovative new blockchain products, to finding new techniques to combat fraud, to shaving microseconds off our API response times, and everything in between. All of GeminiΓÇÖs engineers are able to work across the software platform, not just on their own specialization or subteam. We value a thoughtful, collaborative software development process, coupled with a pragmatic approach to problem solving and delivering software. The Role: Software Engineering Intern As a member of our software engineering team, youΓÇÖll architect and solve complex problems that will directly influence the direction of the digital asset space. ThereΓÇÖs a wide range of problems to solve at Gemini ΓÇô from properly securing millions of dollars worth of customer funds, to developing innovative new blockchain products, to shaving microseconds off our API response times. We have a strong culture of code reviews, and a focus on security, with the end goal of writing and shipping high-quality code by getting things right the first time. We want to continue building the best product we can as we scale and grow our business. If you get excited about solving technical challenges that directly impact our customers, clients, and the rest of the Gemini team, weΓÇÖd love to hear from you. There are opportunities for frontend and/or backend work depending on your interests and strengths. This will be a 12-week summer internship program with 3 days a week in person at our New York City, NY office. Responsibilities: Drive the development of new products and features on the Gemini platform, taking ownership of meaningful projects within small, fast-moving teams. Collaborate closely with senior engineers who will challenge you to raise the bar on design, testing, and scalability while providing mentorship and guidance. Contribute technical ideas and solutions during planning and design discussions, influencing the direction of key initiatives. Review and critique code with a focus on correctness, performance, and security - while learning best practices from experienced engineers. Enhance the reliability, performance, and maintainability of GeminiΓÇÖs systems through thoughtful refactoring and continuous improvement projects. Take part in supporting production systems by helping diagnose and resolve alerts or bugs, gaining hands-on experience with real-world operations at scale. Qualifications: Currently pursuing a degree in Computer Science, Computer Engineering, or a related field (BachelorΓÇÖs, AssociateΓÇÖs, or MasterΓÇÖs). Passionate about blockchain, digital assets, and the Web3 industry - a genuine drive to make an impact in this space is essential. Solid understanding of core software engineering and coding concepts, with curiosity to go deeper and learn quickly. Self-motivated and proactive - you take initiative, ask smart questions, and push projects forward without waiting to be told what to do. Strong communication skills: able to clearly articulate ideas, provide updates, and collaborate effectively in a team setting. Open to feedback and committed to growth - willing to challenge yourself, learn from experience, and raise the bar with every project. Pay Rate : The hourly pay rate for this role is $50/hour in the State of New York, the State of California and the State of Washington. When determining a candidateΓÇÖs compensation, we consider a number of factors including skillset, experience, job scope, and current market data. In the United States, we offer a hybrid work approach at our hub offices, balancing the benefits of in-person collaboration with the flexibility of remote work. Expectations may vary by location and role, so candidates are encouraged to connect with their recruiter to learn more about the specific policy for the role. Employees who do not live near one of our hubs are part of our remote workforce. At Gemini, we strive to build diverse teams that reflect the people we want to empower through our products, and we are committed to equal employment opportunity regardless of race, color, ancestry, religion, sex, national origin, sexual orientation, age, citizenship, marital status, disability, gender identity, or Veteran status. Equal Opportunity is the Law, and Gemini is proud to be an equal opportunity workplace. If you have a specific need that requires accommodation, please let a member of the People Team know."
}

Passed tests list:
- TEST JD-1 (Valid JSON)
- TEST JD-2 (Required Keys)
- TEST JD-3 (Verbatim Keyword Rule)
- TEST JD-4 (Responsibilities Integrity)
- TEST JD-5 (Skill Formatting)
- TEST JD-6 (Seniority Normalization)
- TEST JD-7 (Salary Format)
- TEST JD-8 (Raw Text Echo)
- TEST JD-9 (No Hallucination)
- TEST JD-10 (Deterministic Keyword Count)

Failed tests list (if any): None

================= JD 2 =================
[AI Router] Trying OpenRouter (google/gemini-2.0-flash-001) with PRIMARY key...
[AI Router] Using provider: openrouter model: google/gemini-2.0-flash-001
[OpenRouter] Γ£ô Generated 2224 chars in 273ms using google/gemini-2.0-flash-001
Raw JD text (pasted):
 Senior Frontend Engineer - React Company: Vercel Location: Remote (US) Overview We are looking for a Senior Frontend Engineer to build the future of the web. Responsibilities: - Build performant, accessible React components using NextJS. - Work closely with design and product teams to deliver beautiful interfaces. - Write strict TypeScript code and ensure 100% test coverage with Jest. - Mentor junior developers and lead frontend architecture discussions. - Debug complex hydration errors and memory leaks in production. Qualifications: - 5+ years of software engineering experience. - Deep expertise in React, TypeScript, and modern CSS (Tailwind). - Professional experience with NextJS and server-side rendering. - Ability to work autonomously in a fully remote environment. - Excellent written communication skills. Salary: $150000 - $180000 per year.

Parsed JSON (raw):
 {
  "jd_title": "Senior Frontend Engineer - React",
  "jd_company": "Vercel",
  "job_type": "",
  "location": "Remote (US)",
  "seniority_level": "senior",
  "min_years_experience": "5",
  "required_skills": [
    "React",
    "TypeScript",
    "CSS",
    "NextJS"
  ],
  "preferred_skills": [],
  "responsibilities": [
    "Build performant, accessible React components using NextJS",
    "Work closely with design and product teams to deliver beautiful interfaces",
    "Write strict TypeScript code and ensure 100% test coverage with Jest",
    "Mentor junior developers and lead frontend architecture discussions",
    "Debug complex hydration errors and memory leaks in production"
  ],
  "top_25_keywords": [
    "frontend",
    "react",
    "build",
    "engineer",
    "experience",
    "nextjs",
    "remote",
    "senior",
    "typescript",
    "work",
    "100",
    "150000",
    "180000",
    "ability",
    "accessible",
    "architecture",
    "autonomously",
    "beautiful",
    "closely",
    "code",
    "communication",
    "company",
    "complex",
    "components",
    "coverage"
  ],
  "top_10_keywords": [
    "frontend",
    "react",
    "build",
    "engineer",
    "experience",
    "nextjs",
    "remote",
    "senior",
    "typescript",
    "work"
  ],
  "salary_range": {
    "min": "150000",
    "max": "180000"
  },
  "raw_text": "Senior Frontend Engineer - React Company: Vercel Location: Remote (US) Overview We are looking for a Senior Frontend Engineer to build the future of the web. Responsibilities: - Build performant, accessible React components using NextJS. - Work closely with design and product teams to deliver beautiful interfaces. - Write strict TypeScript code and ensure 100% test coverage with Jest. - Mentor junior developers and lead frontend architecture discussions. - Debug complex hydration errors and memory leaks in production. Qualifications: - 5+ years of software engineering experience. - Deep expertise in React, TypeScript, and modern CSS (Tailwind). - Professional experience with NextJS and server-side rendering. - Ability to work autonomously in a fully remote environment. - Excellent written communication skills. Salary: $150000 - $180000 per year."
}

Passed tests list:
- TEST JD-1 (Valid JSON)
- TEST JD-2 (Required Keys)
- TEST JD-3 (Verbatim Keyword Rule)
- TEST JD-4 (Responsibilities Integrity)
- TEST JD-5 (Skill Formatting)
- TEST JD-6 (Seniority Normalization)
- TEST JD-7 (Salary Format)
- TEST JD-8 (Raw Text Echo)
- TEST JD-9 (No Hallucination)
- TEST JD-10 (Deterministic Keyword Count)

Failed tests list (if any): None

================= JD 3 =================
[AI Router] Trying OpenRouter (google/gemini-2.0-flash-001) with PRIMARY key...
[AI Router] Using provider: openrouter model: google/gemini-2.0-flash-001
[OpenRouter] Γ£ô Generated 1979 chars in 403ms using google/gemini-2.0-flash-001
Raw JD text (pasted):
 Software Engineer, Backend (Mid-level) Spotify New York, NY -> Hybrid Role You will join the discovery team to build scalable services in Java and Python. Responsibilities: - Design and implement gRPC microservices handling millions of requests per second. - Optimize database queries across Cassandra and PostgreSQL. - Collaborate with data scientists to productize machine learning models. - Participate in on-call rotations to maintain high availability. Requirements: - 3+ years of experience in backend development. - Strong proficiency in Java or C++. - Experience with distributed systems and microservices architectures. - Knowledge of Kubernetes and Docker. - Passion for music and audio.

Parsed JSON (raw):
 {
  "jd_title": "Software Engineer, Backend (Mid-level)",
  "jd_company": "Spotify",
  "job_type": "Hybrid Role",
  "location": "New York, NY",
  "seniority_level": "mid",
  "min_years_experience": "3",
  "required_skills": [
    "Java",
    "C++",
    "Kubernetes",
    "Docker"
  ],
  "preferred_skills": [],
  "responsibilities": [
    "Design and implement gRPC microservices handling millions of requests per second",
    "Optimize database queries across Cassandra and PostgreSQL",
    "Collaborate with data scientists to productize machine learning models",
    "Participate in on-call rotations to maintain high availability"
  ],
  "top_25_keywords": [
    "backend",
    "experience",
    "java",
    "microservices",
    "across",
    "architectures",
    "audio",
    "availability",
    "build",
    "cassandra",
    "collaborate",
    "data",
    "database",
    "design",
    "development",
    "discovery",
    "distributed",
    "docker",
    "engineer",
    "grpc",
    "handling",
    "high",
    "hybrid",
    "implement",
    "join"
  ],
  "top_10_keywords": [
    "backend",
    "experience",
    "java",
    "microservices",
    "across",
    "architectures",
    "audio",
    "availability",
    "build",
    "cassandra"
  ],
  "salary_range": {
    "min": "",
    "max": ""
  },
  "raw_text": "Software Engineer, Backend (Mid-level) Spotify New York, NY -> Hybrid Role You will join the discovery team to build scalable services in Java and Python. Responsibilities: - Design and implement gRPC microservices handling millions of requests per second. - Optimize database queries across Cassandra and PostgreSQL. - Collaborate with data scientists to productize machine learning models. - Participate in on-call rotations to maintain high availability. Requirements: - 3+ years of experience in backend development. - Strong proficiency in Java or C++. - Experience with distributed systems and microservices architectures. - Knowledge of Kubernetes and Docker. - Passion for music and audio."
}

Passed tests list:
- TEST JD-1 (Valid JSON)
- TEST JD-2 (Required Keys)
- TEST JD-3 (Verbatim Keyword Rule)
- TEST JD-4 (Responsibilities Integrity)
- TEST JD-5 (Skill Formatting)
- TEST JD-6 (Seniority Normalization)
- TEST JD-7 (Salary Format)
- TEST JD-8 (Raw Text Echo)
- TEST JD-9 (No Hallucination)
- TEST JD-10 (Deterministic Keyword Count)

Failed tests list (if any): None

================= JD 4 =================
[AI Router] Trying OpenRouter (google/gemini-2.0-flash-001) with PRIMARY key...
[AI Router] Using provider: openrouter model: google/gemini-2.0-flash-001
[OpenRouter] Γ£ô Generated 1820 chars in 374ms using google/gemini-2.0-flash-001
Raw JD text (pasted):
 Lead DevOps Engineer Airbnb San Francisco, CA About the role: We need a Lead DevOps Engineer to oversee our global infrastructure and lead a team of 4 engineers. Responsibilities: - Manage AWS infrastructure using Terraform and Ansible. - Design CI/CD pipelines in Jenkins and GitHub Actions. - Ensure strict security compliance across all environments. - Reduce cloud costs by optimizing resource utilization. - Lead incident response for critical outages. Required Skills: AWS, Terraform, Kubernetes, Python, Bash, CI/CD, Leadership Experience: 8+ years.

Parsed JSON (raw):
 {
  "jd_title": "Lead DevOps Engineer",
  "jd_company": "Airbnb",
  "job_type": "",
  "location": "San Francisco, CA",
  "seniority_level": "lead",
  "min_years_experience": "8",
  "required_skills": [
    "AWS",
    "Terraform",
    "Kubernetes",
    "Python",
    "Bash",
    "CI/CD"
  ],
  "preferred_skills": [],
  "responsibilities": [
    "Manage AWS infrastructure using Terraform and Ansible.",
    "Design CI/CD pipelines in Jenkins and GitHub Actions.",
    "Ensure strict security compliance across all environments.",
    "Reduce cloud costs by optimizing resource utilization.",
    "Lead incident response for critical outages."
  ],
  "top_25_keywords": [
    "lead",
    "aws",
    "cd",
    "ci",
    "devops",
    "engineer",
    "infrastructure",
    "terraform",
    "across",
    "actions",
    "airbnb",
    "ansible",
    "bash",
    "ca",
    "cloud",
    "compliance",
    "costs",
    "critical",
    "design",
    "engineers",
    "ensure",
    "environments",
    "experience",
    "francisco",
    "github"
  ],
  "top_10_keywords": [
    "lead",
    "aws",
    "cd",
    "ci",
    "devops",
    "engineer",
    "infrastructure",
    "terraform",
    "across",
    "actions"
  ],
  "salary_range": {
    "min": "",
    "max": ""
  },
  "raw_text": "Lead DevOps Engineer Airbnb San Francisco, CA About the role: We need a Lead DevOps Engineer to oversee our global infrastructure and lead a team of 4 engineers. Responsibilities: - Manage AWS infrastructure using Terraform and Ansible. - Design CI/CD pipelines in Jenkins and GitHub Actions. - Ensure strict security compliance across all environments. - Reduce cloud costs by optimizing resource utilization. - Lead incident response for critical outages. Required Skills: AWS, Terraform, Kubernetes, Python, Bash, CI/CD, Leadership Experience: 8+ years."
}

Passed tests list:
- TEST JD-1 (Valid JSON)
- TEST JD-2 (Required Keys)
- TEST JD-3 (Verbatim Keyword Rule)
- TEST JD-4 (Responsibilities Integrity)
- TEST JD-5 (Skill Formatting)
- TEST JD-6 (Seniority Normalization)
- TEST JD-7 (Salary Format)
- TEST JD-8 (Raw Text Echo)
- TEST JD-9 (No Hallucination)
- TEST JD-10 (Deterministic Keyword Count)

Failed tests list (if any): None

================= JD 5 =================
[AI Router] Trying OpenRouter (google/gemini-2.0-flash-001) with PRIMARY key...
[AI Router] Using provider: openrouter model: google/gemini-2.0-flash-001
[OpenRouter] Γ£ô Generated 1916 chars in 1316ms using google/gemini-2.0-flash-001
Raw JD text (pasted):
 Junior Data Analyst Stripe Dublin, Ireland Job summary We are looking for a Junior Data Analyst to help us make sense of payments data. Responsibilities: - Write complex SQL queries to extract data from Snowflake. - Build interactive dashboards in Tableau for executives. - Clean and normalize datasets using Python (Pandas). - Present findings to non-technical stakeholders weekly. Requirements: - 1+ year of data analysis experience or equivalent internships. - Strong SQL skills. - Basic understanding of Python. - Excellent attention to detail.

Parsed JSON (raw):
 {
  "jd_title": "Junior Data Analyst",
  "jd_company": "Stripe",
  "job_type": "",
  "location": "Dublin, Ireland",
  "seniority_level": "entry",
  "min_years_experience": "1",
  "required_skills": [
    "SQL",
    "Python"
  ],
  "preferred_skills": [],
  "responsibilities": [
    "Write complex SQL queries to extract data from Snowflake",
    "Build interactive dashboards in Tableau for executives",
    "Clean and normalize datasets using Python (Pandas)",
    "Present findings to non-technical stakeholders weekly"
  ],
  "top_25_keywords": [
    "data",
    "analyst",
    "junior",
    "python",
    "sql",
    "analysis",
    "attention",
    "basic",
    "build",
    "clean",
    "complex",
    "dashboards",
    "datasets",
    "detail",
    "dublin",
    "equivalent",
    "excellent",
    "executives",
    "experience",
    "extract",
    "findings",
    "help",
    "interactive",
    "internships",
    "ireland"
  ],
  "top_10_keywords": [
    "data",
    "analyst",
    "junior",
    "python",
    "sql",
    "analysis",
    "attention",
    "basic",
    "build",
    "clean"
  ],
  "salary_range": {
    "min": "",
    "max": ""
  },
  "raw_text": "Junior Data Analyst Stripe Dublin, Ireland Job summary We are looking for a Junior Data Analyst to help us make sense of payments data. Responsibilities: - Write complex SQL queries to extract data from Snowflake. - Build interactive dashboards in Tableau for executives. - Clean and normalize datasets using Python (Pandas). - Present findings to non-technical stakeholders weekly. Requirements: - 1+ year of data analysis experience or equivalent internships. - Strong SQL skills. - Basic understanding of Python. - Excellent attention to detail."
}

Passed tests list:
- TEST JD-1 (Valid JSON)
- TEST JD-2 (Required Keys)
- TEST JD-3 (Verbatim Keyword Rule)
- TEST JD-4 (Responsibilities Integrity)
- TEST JD-5 (Skill Formatting)
- TEST JD-6 (Seniority Normalization)
- TEST JD-7 (Salary Format)
- TEST JD-8 (Raw Text Echo)
- TEST JD-9 (No Hallucination)
- TEST JD-10 (Deterministic Keyword Count)

Failed tests list (if any): None

================= JD 6 =================
[AI Router] Trying OpenRouter (google/gemini-2.0-flash-001) with PRIMARY key...
[AI Router] Using provider: openrouter model: google/gemini-2.0-flash-001
[OpenRouter] Γ£ô Generated 1671 chars in 350ms using google/gemini-2.0-flash-001
Raw JD text (pasted):
 Machine Learning Engineer II Netflix Los Gatos, CA The role: Improve our recommendation algorithms. Responsibilities: - Train and deploy deep learning models using PyTorch. - Build scalable data pipelines in Apache Spark. - A/B test algorithmic changes against production traffic. - Publish research papers at top-tier ML conferences. Requirements: - Master's degree in Computer Science or related field. - 4 years of industry ML experience. - Strong programming skills in Python and Scala. - Deep knowledge of recommender systems.

Parsed JSON (raw):
 {
  "jd_title": "Machine Learning Engineer II",
  "jd_company": "Netflix",
  "job_type": "",
  "location": "Los Gatos, CA",
  "seniority_level": "",
  "min_years_experience": "4",
  "required_skills": [
    "Python",
    "Scala"
  ],
  "preferred_skills": [],
  "responsibilities": [
    "Train and deploy deep learning models using PyTorch.",
    "Build scalable data pipelines in Apache Spark.",
    "A/B test algorithmic changes against production traffic.",
    "Publish research papers at top-tier ML conferences."
  ],
  "top_25_keywords": [
    "deep",
    "learning",
    "ml",
    "against",
    "algorithmic",
    "algorithms",
    "apache",
    "build",
    "ca",
    "changes",
    "computer",
    "conferences",
    "data",
    "degree",
    "deploy",
    "engineer",
    "experience",
    "field",
    "gatos",
    "ii",
    "improve",
    "industry",
    "knowledge",
    "los",
    "machine"
  ],
  "top_10_keywords": [
    "deep",
    "learning",
    "ml",
    "against",
    "algorithmic",
    "algorithms",
    "apache",
    "build",
    "ca",
    "changes"
  ],
  "salary_range": {
    "min": "",
    "max": ""
  },
  "raw_text": "Machine Learning Engineer II Netflix Los Gatos, CA The role: Improve our recommendation algorithms. Responsibilities: - Train and deploy deep learning models using PyTorch. - Build scalable data pipelines in Apache Spark. - A/B test algorithmic changes against production traffic. - Publish research papers at top-tier ML conferences. Requirements: - Master's degree in Computer Science or related field. - 4 years of industry ML experience. - Strong programming skills in Python and Scala. - Deep knowledge of recommender systems."
}

Passed tests list:
- TEST JD-1 (Valid JSON)
- TEST JD-2 (Required Keys)
- TEST JD-3 (Verbatim Keyword Rule)
- TEST JD-4 (Responsibilities Integrity)
- TEST JD-5 (Skill Formatting)
- TEST JD-6 (Seniority Normalization)
- TEST JD-7 (Salary Format)
- TEST JD-8 (Raw Text Echo)
- TEST JD-9 (No Hallucination)
- TEST JD-10 (Deterministic Keyword Count)

Failed tests list (if any): None

================= JD 7 =================
[AI Router] Trying OpenRouter (google/gemini-2.0-flash-001) with PRIMARY key...
[AI Router] Using provider: openrouter model: google/gemini-2.0-flash-001
[OpenRouter] Γ£ô Generated 1716 chars in 358ms using google/gemini-2.0-flash-001
Raw JD text (pasted):
 Mid-level Full Stack Developer (Contract) Acme Corp Remote We need a full stack developer for a 6-month contract to rewrite our legacy PHP app to NodeJS and React. Responsibilities: - Migrate PHP loops to NodeJS Express controllers. - Build a new React frontend communicating with GraphQL. - Ensure feature parity with the legacy application. - Write documentation for the new API. Skills: NodeJS, React, GraphQL, PHP, PostgreSQL Experience: 3-5 years.

Parsed JSON (raw):
 {
  "jd_title": "Mid-level Full Stack Developer (Contract)",
  "jd_company": "Acme Corp",
  "job_type": "Contract",
  "location": "Remote",
  "seniority_level": "mid",
  "min_years_experience": "3",
  "required_skills": [
    "NodeJS",
    "React",
    "GraphQL",
    "PHP",
    "PostgreSQL"
  ],
  "preferred_skills": [],
  "responsibilities": [
    "Migrate PHP loops to NodeJS Express controllers.",
    "Build a new React frontend communicating with GraphQL.",
    "Ensure feature parity with the legacy application.",
    "Write documentation for the new API."
  ],
  "top_25_keywords": [
    "nodejs",
    "php",
    "react",
    "contract",
    "developer",
    "full",
    "graphql",
    "legacy",
    "new",
    "stack",
    "3-5",
    "6-month",
    "acme",
    "api",
    "app",
    "application",
    "build",
    "communicating",
    "controllers",
    "corp",
    "documentation",
    "ensure",
    "experience",
    "express",
    "feature"
  ],
  "top_10_keywords": [
    "nodejs",
    "php",
    "react",
    "contract",
    "developer",
    "full",
    "graphql",
    "legacy",
    "new",
    "stack"
  ],
  "salary_range": {
    "min": "",
    "max": ""
  },
  "raw_text": "Mid-level Full Stack Developer (Contract) Acme Corp Remote We need a full stack developer for a 6-month contract to rewrite our legacy PHP app to NodeJS and React. Responsibilities: - Migrate PHP loops to NodeJS Express controllers. - Build a new React frontend communicating with GraphQL. - Ensure feature parity with the legacy application. - Write documentation for the new API. Skills: NodeJS, React, GraphQL, PHP, PostgreSQL Experience: 3-5 years."
}

Passed tests list:
- TEST JD-1 (Valid JSON)
- TEST JD-2 (Required Keys)
- TEST JD-3 (Verbatim Keyword Rule)
- TEST JD-4 (Responsibilities Integrity)
- TEST JD-5 (Skill Formatting)
- TEST JD-6 (Seniority Normalization)
- TEST JD-7 (Salary Format)
- TEST JD-8 (Raw Text Echo)
- TEST JD-9 (No Hallucination)
- TEST JD-10 (Deterministic Keyword Count)

Failed tests list (if any): None

================= JD 8 =================
[AI Router] Trying OpenRouter (google/gemini-2.0-flash-001) with PRIMARY key...
[AI Router] Using provider: openrouter model: google/gemini-2.0-flash-001
[OpenRouter] Γ£ô Generated 2257 chars in 384ms using google/gemini-2.0-flash-001
Raw JD text (pasted):
 Director of Engineering Slack Chicago, IL Responsibilities: - Manage multiple engineering teams across different product areas. - Set technical vision and strategy for the Slack enterprise communication platform. - Partner with product managers and cross-functional leaders to ensure alignment on roadmaps. - Hire, retain, and scale a diverse engineering organization. - Ensure the reliability and scalability of the core messaging infrastructure. Requirements: - 10+ years of software engineering experience. - 5+ years of engineering management experience, managing managers. - Proven track record of shipping large-scale enterprise SaaS products. - Deep understanding of distributed systems and high-availability architectures.

Parsed JSON (raw):
 {
  "jd_title": "Director of Engineering",
  "jd_company": "Slack",
  "job_type": "",
  "location": "Chicago, IL",
  "seniority_level": "director",
  "min_years_experience": "",
  "required_skills": [
    "software engineering",
    "engineering management",
    "distributed systems",
    "high-availability architectures"
  ],
  "preferred_skills": [],
  "responsibilities": [
    "Manage multiple engineering teams across different product areas",
    "Set technical vision and strategy for the Slack enterprise communication platform",
    "Partner with product managers and cross-functional leaders to ensure alignment on roadmaps",
    "Hire, retain, and scale a diverse engineering organization",
    "Ensure the reliability and scalability of the core messaging infrastructure"
  ],
  "top_25_keywords": [
    "engineering",
    "ensure",
    "enterprise",
    "experience",
    "managers",
    "product",
    "slack",
    "years",
    "10",
    "across",
    "alignment",
    "architectures",
    "areas",
    "chicago",
    "communication",
    "core",
    "cross-functional",
    "deep",
    "different",
    "director",
    "distributed",
    "diverse",
    "high-availability",
    "hire",
    "il"
  ],
  "top_10_keywords": [
    "engineering",
    "ensure",
    "enterprise",
    "experience",
    "managers",
    "product",
    "slack",
    "years",
    "10",
    "across"
  ],
  "salary_range": {
    "min": "",
    "max": ""
  },
  "raw_text": "Director of Engineering Slack Chicago, IL Responsibilities: - Manage multiple engineering teams across different product areas. - Set technical vision and strategy for the Slack enterprise communication platform. - Partner with product managers and cross-functional leaders to ensure alignment on roadmaps. - Hire, retain, and scale a diverse engineering organization. - Ensure the reliability and scalability of the core messaging infrastructure. Requirements: - 10+ years of software engineering experience. - 5+ years of engineering management experience, managing managers. - Proven track record of shipping large-scale enterprise SaaS products. - Deep understanding of distributed systems and high-availability architectures."
}

Passed tests list:
- TEST JD-1 (Valid JSON)
- TEST JD-2 (Required Keys)
- TEST JD-3 (Verbatim Keyword Rule)
- TEST JD-4 (Responsibilities Integrity)
- TEST JD-5 (Skill Formatting)
- TEST JD-6 (Seniority Normalization)
- TEST JD-7 (Salary Format)
- TEST JD-8 (Raw Text Echo)
- TEST JD-9 (No Hallucination)
- TEST JD-10 (Deterministic Keyword Count)

Failed tests list (if any): None

================= JD 9 =================
[AI Router] Trying OpenRouter (google/gemini-2.0-flash-001) with PRIMARY key...
[AI Router] Using provider: openrouter model: google/gemini-2.0-flash-001
[OpenRouter] Γ£ô Generated 2042 chars in 431ms using google/gemini-2.0-flash-001
Raw JD text (pasted):
 Entry Level Software Engineer Roblox San Mateo, CA Responsibilities: - Develop new amazing gameplay features using the Luau engine. - Benchmark and optimize code to run efficiently on mobile devices. - Collaborate with artists and designers to implement UI components. - Fix bugs and resolve technical debt in the core engine. Requirements: - BS in Computer Science. - Proficient in Data Structures - Passion for gaming and user-generated content platforms. - 0-2 years of experience.

Parsed JSON (raw):
 {
  "jd_title": "Entry Level Software Engineer",
  "jd_company": "Roblox",
  "job_type": "",
  "location": "San Mateo, CA",
  "seniority_level": "entry",
  "min_years_experience": "0",
  "required_skills": [
    "BS in Computer Science",
    "Proficient in Data Structures"
  ],
  "preferred_skills": [],
  "responsibilities": [
    "Develop new amazing gameplay features using the Luau engine.",
    "Benchmark and optimize code to run efficiently on mobile devices.",
    "Collaborate with artists and designers to implement UI components.",
    "Fix bugs and resolve technical debt in the core engine."
  ],
  "top_25_keywords": [
    "engine",
    "0-2",
    "amazing",
    "artists",
    "benchmark",
    "bs",
    "bugs",
    "ca",
    "code",
    "collaborate",
    "components",
    "computer",
    "content",
    "core",
    "data",
    "debt",
    "designers",
    "develop",
    "devices",
    "efficiently",
    "engineer",
    "entry",
    "experience",
    "features",
    "fix"
  ],
  "top_10_keywords": [
    "engine",
    "0-2",
    "amazing",
    "artists",
    "benchmark",
    "bs",
    "bugs",
    "ca",
    "code",
    "collaborate"
  ],
  "salary_range": {
    "min": "",
    "max": ""
  },
  "raw_text": "Entry Level Software Engineer Roblox San Mateo, CA Responsibilities: - Develop new amazing gameplay features using the Luau engine. - Benchmark and optimize code to run efficiently on mobile devices. - Collaborate with artists and designers to implement UI components. - Fix bugs and resolve technical debt in the core engine. Requirements: - BS in Computer Science. - Proficient in Data Structures - Passion for gaming and user-generated content platforms. - 0-2 years of experience."
}

Passed tests list:
- TEST JD-1 (Valid JSON)
- TEST JD-2 (Required Keys)
- TEST JD-3 (Verbatim Keyword Rule)
- TEST JD-4 (Responsibilities Integrity)
- TEST JD-5 (Skill Formatting)
- TEST JD-6 (Seniority Normalization)
- TEST JD-7 (Salary Format)
- TEST JD-8 (Raw Text Echo)
- TEST JD-9 (No Hallucination)
- TEST JD-10 (Deterministic Keyword Count)

Failed tests list (if any): None

================= JD 10 =================
[AI Router] Trying OpenRouter (google/gemini-2.0-flash-001) with PRIMARY key...
[AI Router] Using provider: openrouter model: google/gemini-2.0-flash-001
[OpenRouter] Γ£ô Generated 1948 chars in 382ms using google/gemini-2.0-flash-001
Raw JD text (pasted):
 Mid-level Data Engineer, Data Platform Uber Seattle, WA Responsibilities: - Design, build, and maintain large-scale batch and real-time data pipelines. - Implement data quality checks and monitoring systems using Airflow. - Optimize Spark jobs for performance and cost efficiency. - Work closely with data scientists to understand data requirements. Requirements: - 4+ years of experience in data engineering. - Proficiency in Java, Scala, or Python. - Deep expertise in big data technologies: Spark, Hadoop, Hive, Presto. - Experience with stream processing frameworks like Kafka or Flink.

Parsed JSON (raw):
 {
  "jd_title": "Data Engineer",
  "jd_company": "Uber",
  "job_type": "",
  "location": "Seattle, WA",
  "seniority_level": "mid",
  "min_years_experience": "4",
  "required_skills": [
    "Java",
    "Scala",
    "Python",
    "Spark",
    "Hadoop",
    "Hive",
    "Presto",
    "Kafka",
    "Flink"
  ],
  "preferred_skills": [],
  "responsibilities": [
    "Design, build, and maintain large-scale batch and real-time data pipelines.",
    "Implement data quality checks and monitoring systems using Airflow.",
    "Optimize Spark jobs for performance and cost efficiency.",
    "Work closely with data scientists to understand data requirements."
  ],
  "top_25_keywords": [
    "data",
    "experience",
    "requirements",
    "spark",
    "airflow",
    "batch",
    "big",
    "build",
    "checks",
    "closely",
    "cost",
    "deep",
    "design",
    "efficiency",
    "engineer",
    "engineering",
    "expertise",
    "flink",
    "frameworks",
    "hadoop",
    "hive",
    "implement",
    "java",
    "jobs",
    "kafka"
  ],
  "top_10_keywords": [
    "data",
    "experience",
    "requirements",
    "spark",
    "airflow",
    "batch",
    "big",
    "build",
    "checks",
    "closely"
  ],
  "salary_range": {
    "min": "",
    "max": ""
  },
  "raw_text": "Mid-level Data Engineer, Data Platform Uber Seattle, WA Responsibilities: - Design, build, and maintain large-scale batch and real-time data pipelines. - Implement data quality checks and monitoring systems using Airflow. - Optimize Spark jobs for performance and cost efficiency. - Work closely with data scientists to understand data requirements. Requirements: - 4+ years of experience in data engineering. - Proficiency in Java, Scala, or Python. - Deep expertise in big data technologies: Spark, Hadoop, Hive, Presto. - Experience with stream processing frameworks like Kafka or Flink."
}

Passed tests list:
- TEST JD-1 (Valid JSON)
- TEST JD-2 (Required Keys)
- TEST JD-3 (Verbatim Keyword Rule)
- TEST JD-4 (Responsibilities Integrity)
- TEST JD-5 (Skill Formatting)
- TEST JD-6 (Seniority Normalization)
- TEST JD-7 (Salary Format)
- TEST JD-8 (Raw Text Echo)
- TEST JD-9 (No Hallucination)
- TEST JD-10 (Deterministic Keyword Count)

Failed tests list (if any): None


SUCCESS: ALL 10 JDs PASSED ALL STRICT TESTS.
